2023/02/09 16:20:55 INPUT
